[0m21:22:41.906545 [debug] [MainThread]: Sending event: {'category': 'dbt', 'action': 'invocation', 'label': 'start', 'context': [<snowplow_tracker.self_describing_json.SelfDescribingJson object at 0x0000026D5DF16DE0>, <snowplow_tracker.self_describing_json.SelfDescribingJson object at 0x0000026D6023D040>, <snowplow_tracker.self_describing_json.SelfDescribingJson object at 0x0000026D6023DC70>]}


============================== 21:22:41.941050 | f8b170b7-4b02-49e7-a17c-7a463eb17494 ==============================
[0m21:22:41.941050 [info ] [MainThread]: Running with dbt=1.12.4
[0m21:22:41.942055 [debug] [MainThread]: running dbt with arguments {'version_check': 'True', 'no_print': 'None', 'static_parser': 'True', 'warn_error_options': 'WarnErrorOptionsV2(error=[], warn=[], silence=[])', 'target_path': 'None', 'maximum_seed_size_mib': '1', 'printer_width': '80', 'write_json': 'True', 'empty': 'None', 'log_cache_events': 'False', 'introspect': 'True', 'cache_selected_only': 'False', 'log_format': 'default', 'debug': 'False', 'fail_fast': 'False', 'profiles_dir': 'C:\\Users\\kapio\\.dbt', 'send_anonymous_usage_stats': 'True', 'quiet': 'False', 'warn_error': 'None', 'partial_parse': 'True', 'indirect_selection': 'eager', 'hints_enabled': 'True', 'invocation_command': 'dbt init', 'use_experimental_parser': 'False', 'use_colors': 'True', 'log_path': 'logs'}
[0m21:23:09.438490 [debug] [MainThread]: Starter project path: B:\study-related\dbt-project\.venv\Lib\site-packages\dbt\include\starter_project
[0m21:23:09.481316 [info ] [MainThread]: Setting up your profile.
[0m21:23:15.164588 [debug] [MainThread]: Spark adapter: Setting pyhive.hive logging to ERROR
[0m21:23:15.165572 [debug] [MainThread]: Spark adapter: Setting thrift.transport logging to ERROR
[0m21:23:15.165572 [debug] [MainThread]: Spark adapter: Setting thrift.protocol logging to ERROR
[0m21:30:07.327447 [info ] [MainThread]: Profile dbt_practice written to C:\Users\kapio\.dbt\profiles.yml using target's profile_template.yml and your supplied values.
[0m21:30:07.345430 [info ] [MainThread]: Running dbt debug to validate the project...
[0m21:30:07.346450 [info ] [MainThread]: dbt version: 1.12.4
[0m21:30:07.347431 [info ] [MainThread]: python version: 3.12.9
[0m21:30:07.347431 [info ] [MainThread]: python path: B:\study-related\dbt-project\.venv\Scripts\python.exe
[0m21:30:07.347431 [info ] [MainThread]: os info: Windows-11-10.0.26200-SP0
[0m21:30:07.387446 [info ] [MainThread]: Using profiles dir at C:\Users\kapio\.dbt
[0m21:30:07.387446 [info ] [MainThread]: Using profiles.yml file at C:\Users\kapio\.dbt\profiles.yml
[0m21:30:07.388450 [info ] [MainThread]: Using dbt_project.yml file at B:\study-related\dbt-project\dbt_practice\dbt_project.yml
[0m21:30:07.388450 [info ] [MainThread]: adapter type: databricks
[0m21:30:07.388450 [info ] [MainThread]: adapter version: 1.10.9
[0m21:30:07.472548 [info ] [MainThread]: Configuration:
[0m21:30:07.472548 [info ] [MainThread]:   profiles.yml file [[32mOK found and valid[0m]
[0m21:30:07.473535 [info ] [MainThread]:   dbt_project.yml file [[32mOK found and valid[0m]
[0m21:30:07.473535 [info ] [MainThread]: Required dependencies:
[0m21:30:07.473535 [debug] [MainThread]: Executing "git --help"
[0m21:30:07.517287 [debug] [MainThread]: STDOUT: "b"usage: git [-v | --version] [-h | --help] [-C <path>] [-c <name>=<value>]\n           [--exec-path[=<path>]] [--html-path] [--man-path] [--info-path]\n           [-p | --paginate | -P | --no-pager] [--no-replace-objects] [--no-lazy-fetch]\n           [--no-optional-locks] [--no-advice] [--bare] [--git-dir=<path>]\n           [--work-tree=<path>] [--namespace=<name>] [--config-env=<name>=<envvar>]\n           <command> [<args>]\n\nThese are common Git commands used in various situations:\n\nstart a working area (see also: git help tutorial)\n   clone      Clone a repository into a new directory\n   init       Create an empty Git repository or reinitialize an existing one\n\nwork on the current change (see also: git help everyday)\n   add        Add file contents to the index\n   mv         Move or rename a file, a directory, or a symlink\n   restore    Restore working tree files\n   rm         Remove files from the working tree and from the index\n\nexamine the history and state (see also: git help revisions)\n   bisect     Use binary search to find the commit that introduced a bug\n   diff       Show changes between commits, commit and working tree, etc\n   grep       Print lines matching a pattern\n   log        Show commit logs\n   show       Show various types of objects\n   status     Show the working tree status\n\ngrow, mark and tweak your common history\n   backfill   Download missing objects in a partial clone\n   branch     List, create, or delete branches\n   commit     Record changes to the repository\n   history    EXPERIMENTAL: Rewrite history\n   merge      Join two or more development histories together\n   rebase     Reapply commits on top of another base tip\n   reset      Set `HEAD` or the index to a known state\n   switch     Switch branches\n   tag        Create, list, delete or verify tags\n\ncollaborate (see also: git help workflows)\n   fetch      Download objects and refs from another repository\n   pull       Fetch from and integrate with another repository or a local branch\n   push       Update remote refs along with associated objects\n\n'git help -a' and 'git help -g' list available subcommands and some\nconcept guides. See 'git help <command>' or 'git help <concept>'\nto read about a specific subcommand or concept.\nSee 'git help git' for an overview of the system.\n""
[0m21:30:07.517287 [debug] [MainThread]: STDERR: "b''"
[0m21:30:07.517287 [info ] [MainThread]:  - git [[32mOK found[0m]

[0m21:30:07.517287 [info ] [MainThread]: Connection:
[0m21:30:07.518772 [info ] [MainThread]:   host: dbc-f293ad09-5825.cloud.databricks.com
[0m21:30:07.518772 [info ] [MainThread]:   http_path: /sql/1.0/warehouses/8ef2eeac6917301c
[0m21:30:07.518772 [info ] [MainThread]:   catalog: ecommerce_practice
[0m21:30:07.519772 [info ] [MainThread]:   schema: default
[0m21:30:07.519772 [info ] [MainThread]: Registered adapter: databricks=1.10.9
[0m21:30:07.804484 [debug] [MainThread]: Databricks adapter: DatabricksDBTConnection(session-id=None, name=debug) - Creating connection
[0m21:30:07.804484 [debug] [MainThread]: Acquiring new databricks connection 'debug'
[0m21:30:07.804484 [debug] [MainThread]: Using databricks connection "debug"
[0m21:30:07.805485 [debug] [MainThread]: On debug: select 1 as id
[0m21:30:07.805485 [debug] [MainThread]: Opening a new connection, currently in state init
[0m21:30:09.396245 [error] [MainThread]: databricks-sql-connector adapter: ThriftBackend.attempt_request: Exception: %s
[0m21:30:09.408812 [error] [MainThread]: Databricks adapter: Connection(session-id=Unknown) - Exception while trying to create connection: Error during request to server: : Invalid access token.. 
Error properties: attempt=1/30, bounded-retry-delay=None, elapsed-seconds=1.3499641418457031/900.0, error-message=: Invalid access token., http-code=403, method=OpenSession, no-retry-reason=non-retryable error, original-exception=, query-id=None, session-id=None
[0m21:30:09.408812 [debug] [MainThread]: Databricks adapter: Exception while trying to execute query
select 1 as id
: Database Error
  Error during request to server: : Invalid access token.. 
[0m21:30:09.409818 [debug] [MainThread]: On debug: No close available on handle
[0m21:30:09.409818 [info ] [MainThread]:   Connection test: [[31mERROR[0m]

[0m21:30:09.409818 [info ] [MainThread]: [31m1 check failed:[0m
[0m21:30:09.409818 [info ] [MainThread]: dbt was unable to connect to the specified database.
The database returned the following error:

  >Database Error
  Database Error
    Error during request to server: : Invalid access token.. 

Check your database credentials and try again. For more information, visit:
https://docs.getdbt.com/docs/configure-your-profile


[0m21:30:09.410798 [info ] [MainThread]: Your new dbt project "dbt_practice" was created!
Initialized new project in B:\study-related\dbt-project\dbt_practice\dbt_practice

For more information on how to configure the profiles.yml file,
please consult the dbt documentation here:

  https://docs.getdbt.com/docs/configure-your-profile

One more thing:

Need help? Don't hesitate to reach out to us via GitHub issues or on Slack:

  https://community.getdbt.com/

Happy modeling!

[0m21:30:09.410798 [info ] [MainThread]: [31mYour profile may need adjustments. You can find the logs of `dbt debug` above[0m
[0m21:30:09.411797 [debug] [MainThread]: Command `dbt init` succeeded at 21:30:09.411797 after 447.63 seconds
[0m21:30:09.411797 [debug] [MainThread]: Sending event: {'category': 'dbt', 'action': 'invocation', 'label': 'end', 'context': [<snowplow_tracker.self_describing_json.SelfDescribingJson object at 0x0000026D621A5E20>, <snowplow_tracker.self_describing_json.SelfDescribingJson object at 0x0000026D621A43E0>, <snowplow_tracker.self_describing_json.SelfDescribingJson object at 0x0000026D7D427890>]}
[0m21:30:09.412799 [debug] [MainThread]: Flushing usage events
[0m21:30:10.861468 [debug] [MainThread]: An error was encountered while trying to flush usage events
[0m21:31:33.381399 [debug] [MainThread]: Sending event: {'category': 'dbt', 'action': 'invocation', 'label': 'start', 'context': [<snowplow_tracker.self_describing_json.SelfDescribingJson object at 0x0000024EF8A7F530>, <snowplow_tracker.self_describing_json.SelfDescribingJson object at 0x0000024EF8B276E0>, <snowplow_tracker.self_describing_json.SelfDescribingJson object at 0x0000024EF8B26990>]}


============================== 21:31:33.384401 | e76ff9c4-4027-42b7-a630-2f07b0971c08 ==============================
[0m21:31:33.384401 [info ] [MainThread]: Running with dbt=1.12.4
[0m21:31:33.385402 [debug] [MainThread]: running dbt with arguments {'version_check': 'True', 'no_print': 'None', 'static_parser': 'True', 'target_path': 'None', 'maximum_seed_size_mib': '1', 'warn_error_options': 'WarnErrorOptionsV2(error=[], warn=[], silence=[])', 'printer_width': '80', 'write_json': 'True', 'introspect': 'True', 'log_cache_events': 'False', 'empty': 'None', 'cache_selected_only': 'False', 'fail_fast': 'False', 'debug': 'False', 'log_format': 'default', 'profiles_dir': 'C:\\Users\\kapio\\.dbt', 'send_anonymous_usage_stats': 'True', 'quiet': 'False', 'warn_error': 'None', 'partial_parse': 'True', 'invocation_command': 'dbt debug', 'hints_enabled': 'True', 'use_colors': 'True', 'use_experimental_parser': 'False', 'indirect_selection': 'eager', 'log_path': 'logs'}
[0m21:31:33.397406 [info ] [MainThread]: dbt version: 1.12.4
[0m21:31:33.397406 [info ] [MainThread]: python version: 3.12.9
[0m21:31:33.398460 [info ] [MainThread]: python path: B:\study-related\dbt-project\.venv\Scripts\python.exe
[0m21:31:33.398460 [info ] [MainThread]: os info: Windows-11-10.0.26200-SP0
[0m21:31:34.078897 [debug] [MainThread]: Spark adapter: Setting pyhive.hive logging to ERROR
[0m21:31:34.079914 [debug] [MainThread]: Spark adapter: Setting thrift.transport logging to ERROR
[0m21:31:34.079914 [debug] [MainThread]: Spark adapter: Setting thrift.protocol logging to ERROR
[0m21:31:34.564453 [info ] [MainThread]: Using profiles dir at C:\Users\kapio\.dbt
[0m21:31:34.565455 [info ] [MainThread]: Using profiles.yml file at C:\Users\kapio\.dbt\profiles.yml
[0m21:31:34.566456 [info ] [MainThread]: Using dbt_project.yml file at B:\study-related\dbt-project\dbt_project.yml
[0m21:31:34.567455 [error] [MainThread]: [[31mERROR[0m]: Encountered an error:
Internal Error
  Profile should not be None if loading profile completed
[0m21:31:34.567455 [debug] [MainThread]: Command `dbt debug` failed at 21:31:34.567455 after 1.36 seconds
[0m21:31:34.568456 [debug] [MainThread]: Sending event: {'category': 'dbt', 'action': 'invocation', 'label': 'end', 'context': [<snowplow_tracker.self_describing_json.SelfDescribingJson object at 0x0000024EF8A443E0>, <snowplow_tracker.self_describing_json.SelfDescribingJson object at 0x0000024E95047380>, <snowplow_tracker.self_describing_json.SelfDescribingJson object at 0x0000024E948CAB40>]}
[0m21:31:34.568456 [debug] [MainThread]: Flushing usage events
[0m21:31:35.773955 [debug] [MainThread]: An error was encountered while trying to flush usage events
[0m23:00:14.261110 [debug] [MainThread]: Sending event: {'category': 'dbt', 'action': 'invocation', 'label': 'start', 'context': [<snowplow_tracker.self_describing_json.SelfDescribingJson object at 0x0000026651E3EF60>, <snowplow_tracker.self_describing_json.SelfDescribingJson object at 0x000002665153E3C0>, <snowplow_tracker.self_describing_json.SelfDescribingJson object at 0x0000026653CC4320>]}


============================== 23:00:14.264125 | 65686c0e-4751-4900-af85-21855b56dbdb ==============================
[0m23:00:14.264125 [info ] [MainThread]: Running with dbt=1.12.4
[0m23:00:14.265266 [debug] [MainThread]: running dbt with arguments {'version_check': 'True', 'no_print': 'None', 'static_parser': 'True', 'target_path': 'None', 'warn_error_options': 'WarnErrorOptionsV2(error=[], warn=[], silence=[])', 'maximum_seed_size_mib': '1', 'printer_width': '80', 'write_json': 'True', 'empty': 'False', 'log_cache_events': 'False', 'introspect': 'True', 'cache_selected_only': 'False', 'fail_fast': 'False', 'debug': 'False', 'log_format': 'default', 'profiles_dir': 'C:\\Users\\kapio\\.dbt', 'send_anonymous_usage_stats': 'True', 'quiet': 'False', 'warn_error': 'None', 'partial_parse': 'True', 'use_colors': 'True', 'hints_enabled': 'True', 'indirect_selection': 'eager', 'use_experimental_parser': 'False', 'invocation_command': 'dbt run', 'log_path': 'logs'}
[0m23:00:14.265266 [error] [MainThread]: [[31mERROR[0m]: Encountered an error:
Runtime Error
  No dbt_project.yml found at expected path B:\study-related\dbt-project\dbt_project.yml
  Verify that each entry within packages.yml (and their transitive dependencies) contains a file named dbt_project.yml
  
[0m23:00:14.266266 [debug] [MainThread]: Command `dbt run` failed at 23:00:14.266266 after 0.13 seconds
[0m23:00:14.266266 [debug] [MainThread]: Sending event: {'category': 'dbt', 'action': 'invocation', 'label': 'end', 'context': [<snowplow_tracker.self_describing_json.SelfDescribingJson object at 0x00000266564AAA20>, <snowplow_tracker.self_describing_json.SelfDescribingJson object at 0x0000026656500E30>, <snowplow_tracker.self_describing_json.SelfDescribingJson object at 0x0000026651E3EF60>]}
[0m23:00:14.266266 [debug] [MainThread]: Flushing usage events
[0m23:00:15.670697 [debug] [MainThread]: An error was encountered while trying to flush usage events
[0m22:07:03.866093 [debug] [MainThread]: Sending event: {'category': 'dbt', 'action': 'invocation', 'label': 'start', 'context': [<snowplow_tracker.self_describing_json.SelfDescribingJson object at 0x0000014401C4F1D0>, <snowplow_tracker.self_describing_json.SelfDescribingJson object at 0x0000014400423CE0>, <snowplow_tracker.self_describing_json.SelfDescribingJson object at 0x000001440244D430>]}


============================== 22:07:03.896128 | eef5c82a-8f23-46fc-9893-75b65397eeda ==============================
[0m22:07:03.896128 [info ] [MainThread]: Running with dbt=1.12.4
[0m22:07:03.899154 [debug] [MainThread]: running dbt with arguments {'version_check': 'True', 'no_print': 'None', 'maximum_seed_size_mib': '1', 'warn_error_options': 'WarnErrorOptionsV2(error=[], warn=[], silence=[])', 'static_parser': 'True', 'target_path': 'None', 'printer_width': '80', 'write_json': 'True', 'empty': 'None', 'log_cache_events': 'False', 'introspect': 'True', 'cache_selected_only': 'False', 'fail_fast': 'False', 'debug': 'False', 'log_format': 'default', 'partial_parse': 'True', 'send_anonymous_usage_stats': 'True', 'quiet': 'False', 'warn_error': 'None', 'profiles_dir': 'C:\\Users\\kapio\\.dbt', 'use_colors': 'True', 'hints_enabled': 'True', 'invocation_command': 'dbt test', 'use_experimental_parser': 'False', 'indirect_selection': 'eager', 'log_path': 'logs'}
[0m22:07:03.900154 [error] [MainThread]: [[31mERROR[0m]: Encountered an error:
Runtime Error
  No dbt_project.yml found at expected path B:\study-related\dbt-project\dbt_project.yml
  Verify that each entry within packages.yml (and their transitive dependencies) contains a file named dbt_project.yml
  
[0m22:07:03.907174 [debug] [MainThread]: Command `dbt test` failed at 22:07:03.907174 after 0.36 seconds
[0m22:07:03.908176 [debug] [MainThread]: Sending event: {'category': 'dbt', 'action': 'invocation', 'label': 'end', 'context': [<snowplow_tracker.self_describing_json.SelfDescribingJson object at 0x0000014402364440>, <snowplow_tracker.self_describing_json.SelfDescribingJson object at 0x0000014400423CE0>, <snowplow_tracker.self_describing_json.SelfDescribingJson object at 0x000001440233AC60>]}
[0m22:07:03.909176 [debug] [MainThread]: Flushing usage events
[0m22:07:05.116866 [debug] [MainThread]: An error was encountered while trying to flush usage events
